/home/roboros/STM32CubeIDE/stm32_workspace/rolling_led/Drivers/CMSIS/Include/core_cm4.h:2064:26:uint32_t ITM_SendChar(uint32_t)	16	static,ignoring_inline_asm
../Inc/delay.h:7:6:void delay_ms(int)	24	static
../Inc/adc.h:7:6:void analog_init(bool&)	24	static
../Inc/adc.h:31:6:bool check_analog_pin(pin_struct_TypeDef&)	16	static
../Inc/adc.h:52:10:uint32_t analog_read(bool&)	24	static
../Inc/user_functions.h:11:6:bool read_pin(pin_struct_TypeDef&, pin_state_TypeDef)	24	static
../Inc/user_functions.h:22:20:pin_struct_TypeDef pin_setup(GPIO_TypeDef*, pin_TypeDef, pin_mode_TypeDef)	32	static
../Inc/user_functions.h:53:6:void set_input_pull_mode(pin_struct_TypeDef&, pupd_mode_TypeDef)	16	static
../Inc/user_functions.h:78:6:void digital_write(pin_struct_TypeDef&, pin_state_TypeDef)	32	static
../Inc/user_functions.h:93:6:void led_array_decrement(pin_struct_TypeDef*, int&, int&)	32	static
../Inc/user_functions.h:109:6:void led_array_increment(pin_struct_TypeDef*, int&, int&)	32	static
../Inc/user_functions.h:125:10:uint32_t linear_distribution_12_bit(uint32_t, uint32_t)	24	static
../Inc/debug_functons.h:8:5:int _write(int, char*, int)	32	static
../Src/main.cpp:34:6:void clock_init()	4	static
../Src/main.cpp:44:6:void pin_init()	24	static
../Src/main.cpp:63:5:int main()	96	static
